JP REDDY@JPREDDY MINGW64 /c/git/Hello-World (master)
$ git add gitConfig
fatal: pathspec 'gitConfig' did not match any files

JP REDDY@JPREDDY MINGW64 /c/git/Hello-World (master)
$ git add gitConfig.txt

JP REDDY@JPREDDY MINGW64 /c/git/Hello-World (master)
$ git status
On branch master
Your branch is up to date with 'origin/master'.

Changes to be committed:
  (use "git reset HEAD <file>..." to unstage)

        new file:   gitConfig.txt


JP REDDY@JPREDDY MINGW64 /c/git/Hello-World (master)
$ git commit -m "First git configaration file" gitConfig.txt
[master 96534c9] First git configaration file
 1 file changed, 61 insertions(+)
 create mode 100644 gitConfig.txt

JP REDDY@JPREDDY MINGW64 /c/git/Hello-World (master)
$ git push -u origin master
Enumerating objects: 4, done.
Counting objects: 100% (4/4), done.
Delta compression using up to 4 threads
Compressing objects: 100% (3/3), done.
Writing objects: 100% (3/3), 764 bytes | 152.00 KiB/s, done.
Total 3 (delta 0), reused 0 (delta 0)
To https://github.com/jpreddyrf/Hello-World.git
   2f3b634..96534c9  master -> master
Branch 'master' set up to track remote branch 'master' from 'origin'.

JP REDDY@JPREDDY MINGW64 /c/git/Hello-World (master)
$
