JP REDDY@JPREDDY MINGW64 /c/git/Hello-World (master)
$ git status
On branch master
Your branch is up to date with 'origin/master'.

Untracked files:
  (use "git add <file>..." to include in what will be committed)

        codeCheckIn.txt

nothing added to commit but untracked files present (use "git add" to track)

JP REDDY@JPREDDY MINGW64 /c/git/Hello-World (master)
$ git add .

JP REDDY@JPREDDY MINGW64 /c/git/Hello-World (master)
$ git status
On branch master
Your branch is up to date with 'origin/master'.

Changes to be committed:
  (use "git reset HEAD <file>..." to unstage)

        new file:   codeCheckIn.txt


JP REDDY@JPREDDY MINGW64 /c/git/Hello-World (master)
$ git status
On branch master
Your branch is up to date with 'origin/master'.

Changes to be committed:
  (use "git reset HEAD <file>..." to unstage)

        new file:   codeCheckIn.txt


JP REDDY@JPREDDY MINGW64 /c/git/Hello-World (master)
$ git commit -m "code auto update checki in process"
[master 81e348d] code auto update checki in process
 1 file changed, 38 insertions(+)
 create mode 100644 codeCheckIn.txt

JP REDDY@JPREDDY MINGW64 /c/git/Hello-World (master)
$ git push -u origin master
Enumerating objects: 4, done.
Counting objects: 100% (4/4), done.
Delta compression using up to 4 threads
Compressing objects: 100% (3/3), done.
Writing objects: 100% (3/3), 843 bytes | 210.00 KiB/s, done.
Total 3 (delta 0), reused 0 (delta 0)
To https://github.com/jpreddyrf/Hello-World.git
   96534c9..81e348d  master -> master
Branch 'master' set up to track remote branch 'master' from 'origin'.

JP REDDY@JPREDDY MINGW64 /c/git/Hello-World (master)
$ git status
On branch master
Your branch is up to date with 'origin/master'.

nothing to commit, working tree clean

